[04:39:05] 価格データを取得中…
[04:39:08] 共通営業日 3956 日 (2010-01-04 〜 2026-09-04)
[04:39:08] 1/3 平滑化の効果…
/opt/hostedtoolcache/Python/3.12.14/x64/lib/python3.12/site-packages/numpy/lib/_function_base_impl.py:3036: RuntimeWarning: invalid value encountered in divide
  c /= stddev[:, None]
/opt/hostedtoolcache/Python/3.12.14/x64/lib/python3.12/site-packages/numpy/lib/_function_base_impl.py:3037: RuntimeWarning: invalid value encountered in divide
  c /= stddev[None, :]
シグナル生成: 2015-01-05 〜 2026-09-03 (2771 日)
[04:39:51]   素/HL=なし 完了
/opt/hostedtoolcache/Python/3.12.14/x64/lib/python3.12/site-packages/numpy/lib/_function_base_impl.py:3036: RuntimeWarning: invalid value encountered in divide
  c /= stddev[:, None]
/opt/hostedtoolcache/Python/3.12.14/x64/lib/python3.12/site-packages/numpy/lib/_function_base_impl.py:3037: RuntimeWarning: invalid value encountered in divide
  c /= stddev[None, :]
[04:40:09]   素/HL=3.0 完了
/opt/hostedtoolcache/Python/3.12.14/x64/lib/python3.12/site-packages/numpy/lib/_function_base_impl.py:3036: RuntimeWarning: invalid value encountered in divide
  c /= stddev[:, None]
/opt/hostedtoolcache/Python/3.12.14/x64/lib/python3.12/site-packages/numpy/lib/_function_base_impl.py:3037: RuntimeWarning: invalid value encountered in divide
  c /= stddev[None, :]
[04:40:27]   素/HL=5.0 完了
/opt/hostedtoolcache/Python/3.12.14/x64/lib/python3.12/site-packages/numpy/lib/_function_base_impl.py:3036: RuntimeWarning: invalid value encountered in divide
  c /= stddev[:, None]
/opt/hostedtoolcache/Python/3.12.14/x64/lib/python3.12/site-packages/numpy/lib/_function_base_impl.py:3037: RuntimeWarning: invalid value encountered in divide
  c /= stddev[None, :]
[04:40:44]   素/HL=10.0 完了
/opt/hostedtoolcache/Python/3.12.14/x64/lib/python3.12/site-packages/numpy/lib/_function_base_impl.py:3036: RuntimeWarning: invalid value encountered in divide
  c /= stddev[:, None]
/opt/hostedtoolcache/Python/3.12.14/x64/lib/python3.12/site-packages/numpy/lib/_function_base_impl.py:3037: RuntimeWarning: invalid value encountered in divide
  c /= stddev[None, :]
[04:41:02]   z化/HL=なし 完了
/opt/hostedtoolcache/Python/3.12.14/x64/lib/python3.12/site-packages/numpy/lib/_function_base_impl.py:3036: RuntimeWarning: invalid value encountered in divide
  c /= stddev[:, None]
/opt/hostedtoolcache/Python/3.12.14/x64/lib/python3.12/site-packages/numpy/lib/_function_base_impl.py:3037: RuntimeWarning: invalid value encountered in divide
  c /= stddev[None, :]
[04:41:20]   z化/HL=3.0 完了
/opt/hostedtoolcache/Python/3.12.14/x64/lib/python3.12/site-packages/numpy/lib/_function_base_impl.py:3036: RuntimeWarning: invalid value encountered in divide
  c /= stddev[:, None]
/opt/hostedtoolcache/Python/3.12.14/x64/lib/python3.12/site-packages/numpy/lib/_function_base_impl.py:3037: RuntimeWarning: invalid value encountered in divide
  c /= stddev[None, :]
[04:41:37]   z化/HL=5.0 完了
/opt/hostedtoolcache/Python/3.12.14/x64/lib/python3.12/site-packages/numpy/lib/_function_base_impl.py:3036: RuntimeWarning: invalid value encountered in divide
  c /= stddev[:, None]
/opt/hostedtoolcache/Python/3.12.14/x64/lib/python3.12/site-packages/numpy/lib/_function_base_impl.py:3037: RuntimeWarning: invalid value encountered in divide
  c /= stddev[None, :]
[04:41:55]   z化/HL=10.0 完了
[04:41:55] 2/3 λ × K を期間別に…
[04:42:49]   K=3 λ=0.1 完了
[04:43:44]   K=3 λ=0.3 完了
[04:44:38]   K=3 λ=0.5 完了
[04:45:32]   K=3 λ=0.7 完了
[04:46:26]   K=3 λ=0.9 完了
[04:47:20]   K=4 λ=0.1 完了
[04:48:15]   K=4 λ=0.3 完了
[04:49:10]   K=4 λ=0.5 完了
[04:50:04]   K=4 λ=0.7 完了
[04:50:59]   K=4 λ=0.9 完了
[04:50:59] 3/3 レポート…

# 改善案の検証

- データ: 2010-01-04 〜 2026-09-04
- 設定: L=60, q=0.3, 事前行列は固定（論文どおり）
- 平滑化は過去のシグナルのみを使う指数移動平均（先読みなし）

## 1. ランキングの安定性と情報係数

`abs_rho_mean` が 1 に近く `flip_share` が 50% 付近なら、「同じ 1 本の軸の符号が毎日ひっくり返っている」状態。

|            |   rho_mean |   abs_rho_mean |   flip_share(%) |    N |    IC |   IC_t |   IC_N |
|:-----------|-----------:|---------------:|----------------:|-----:|------:|-------:|-------:|
| 素/HL=なし    |      0.031 |          0.882 |          48.592 | 2770 | 0.038 |  6.462 |   2759 |
| 素/HL=3.0   |      0.629 |          0.904 |          18.556 | 2770 | 0.026 |  4.4   |   2759 |
| 素/HL=5.0   |      0.719 |          0.913 |          13.791 | 2770 | 0.022 |  3.766 |   2759 |
| 素/HL=10.0  |      0.814 |          0.924 |           8.953 | 2770 | 0.021 |  3.517 |   2759 |
| z化/HL=なし   |      0.031 |          0.882 |          48.592 | 2770 | 0.038 |  6.462 |   2759 |
| z化/HL=3.0  |      0.572 |          0.802 |          20.144 | 2770 | 0.018 |  3.069 |   2759 |
| z化/HL=5.0  |      0.678 |          0.83  |          14.079 | 2770 | 0.011 |  1.871 |   2759 |
| z化/HL=10.0 |      0.79  |          0.855 |           7.329 | 2770 | 0.006 |  1.097 |   2759 |

## 2. 平滑化の効果（コスト 0bp、期間別）

|              |   2024〜 |   2026〜 |   〜2023 |   全期間 |
|:-------------|--------:|--------:|--------:|------:|
| ('z化', 3.0)  |  -0.484 |  -3.006 |   1.579 | 0.984 |
| ('z化', 5.0)  |  -0.872 |  -3.576 |   1.062 | 0.517 |
| ('z化', 10.0) |  -0.548 |  -2.184 |   0.507 | 0.213 |
| ('z化', 'なし') |  -0.457 |  -3.079 |   2.663 | 1.742 |
| ('素', 3.0)   |  -0.445 |  -2.312 |   1.994 | 1.278 |
| ('素', 5.0)   |  -0.24  |  -1.228 |   1.871 | 1.24  |
| ('素', 10.0)  |  -0.368 |  -0.925 |   1.659 | 1.065 |
| ('素', 'なし')  |  -0.457 |  -3.079 |   2.663 | 1.742 |

## 3. 平滑化の効果（現実的なコスト 10bp、期間別 R/R）

|              |   2024〜 |   2026〜 |   〜2023 |    全期間 |
|:-------------|--------:|--------:|--------:|-------:|
| ('z化', 3.0)  |  -2.66  |  -5.226 |  -1.381 | -1.725 |
| ('z化', 5.0)  |  -2.744 |  -5.588 |  -1.402 | -1.76  |
| ('z化', 10.0) |  -1.832 |  -3.435 |  -1.416 | -1.52  |
| ('z化', 'なし') |  -4.053 |  -5.861 |  -2.489 | -2.898 |
| ('素', 3.0)   |  -2.162 |  -3.996 |  -0.385 | -0.889 |
| ('素', 5.0)   |  -1.55  |  -2.682 |  -0.105 | -0.521 |
| ('素', 10.0)  |  -1.42  |  -1.905 |   0.256 | -0.226 |
| ('素', 'なし')  |  -4.053 |  -5.861 |  -2.489 | -2.898 |

## 4. 回転率と損益分岐コスト（全期間）

|              |   回転率 |   損益分岐bp |     AR |    MDD |
|:-------------|------:|---------:|-------:|-------:|
| ('素', 'なし')  | 2.17  |    3.671 | 20.077 | 39.729 |
| ('素', 3.0)   | 0.971 |    5.864 | 14.343 | 32.179 |
| ('素', 5.0)   | 0.794 |    7.021 | 14.041 | 19.918 |
| ('素', 10.0)  | 0.574 |    8.244 | 11.921 | 22.604 |
| ('z化', 'なし') | 2.17  |    3.671 | 20.077 | 39.729 |
| ('z化', 3.0)  | 1.218 |    3.585 | 11.002 | 34.966 |
| ('z化', 5.0)  | 1     |    2.237 |  5.637 | 37.439 |
| ('z化', 10.0) | 0.754 |    1.215 |  2.308 | 26.082 |

## 5. λ × K（平滑化なし・コスト 0bp、期間別 R/R）

|          |   2024〜 |   2026〜 |   〜2023 |   全期間 |
|:---------|--------:|--------:|--------:|------:|
| (3, 0.1) |   1.28  |   0.529 |   0.75  | 0.895 |
| (3, 0.3) |   0.878 |   0.256 |   1.022 | 0.959 |
| (3, 0.5) |   1.058 |   0.271 |   1.731 | 1.491 |
| (3, 0.7) |  -0.107 |  -1.595 |   2.973 | 1.979 |
| (3, 0.9) |  -0.457 |  -3.079 |   2.663 | 1.742 |
| (4, 0.1) |   0.106 |  -0.95  |   0.639 | 0.476 |
| (4, 0.3) |  -0.238 |  -2.058 |   0.879 | 0.541 |
| (4, 0.5) |  -0.054 |  -3.185 |   1.444 | 0.992 |
| (4, 0.7) |   0.642 |  -3.173 |   1.455 | 1.194 |
| (4, 0.9) |   0.654 |  -2.065 |   1.271 | 1.063 |

## 6. λ × K（平滑化なし・コスト 10bp、期間別 R/R）

|          |   2024〜 |   2026〜 |   〜2023 |    全期間 |
|:---------|--------:|--------:|--------:|-------:|
| (3, 0.1) |  -3.214 |  -2.663 |  -5.93  | -5.045 |
| (3, 0.3) |  -3.426 |  -2.528 |  -5.58  | -4.836 |
| (3, 0.5) |  -2.891 |  -2.358 |  -4.586 | -3.994 |
| (3, 0.7) |  -3.702 |  -4.254 |  -2.586 | -2.87  |
| (3, 0.9) |  -4.053 |  -5.861 |  -2.489 | -2.898 |
| (4, 0.1) |  -5.1   |  -4.666 |  -6.582 | -6.08  |
| (4, 0.3) |  -5.327 |  -5.499 |  -6.262 | -5.917 |
| (4, 0.5) |  -4.971 |  -6.665 |  -5.246 | -5.11  |
| (4, 0.7) |  -3.965 |  -6.611 |  -5.078 | -4.684 |
| (4, 0.9) |  -3.723 |  -5.182 |  -5.075 | -4.59  |

## 7. λ × K（半減期10・コスト 10bp、期間別 R/R）

回転率を落としたうえで現実的なコストを引いた場合。ここが正でなければ実際には運用できない。

|          |   2024〜 |   2026〜 |   〜2023 |    全期間 |
|:---------|--------:|--------:|--------:|-------:|
| (3, 0.1) |  -0.573 |  -0.797 |  -1.718 | -1.378 |
| (3, 0.3) |  -0.534 |  -1.26  |  -1.548 | -1.235 |
| (3, 0.5) |  -1.078 |  -1.491 |  -1.027 | -1.029 |
| (3, 0.7) |  -1.292 |  -2.153 |  -0.06  | -0.421 |
| (3, 0.9) |  -1.42  |  -1.905 |   0.256 | -0.226 |
| (4, 0.1) |  -1.887 |  -2.33  |  -1.958 | -1.918 |
| (4, 0.3) |  -2.063 |  -2.643 |  -1.498 | -1.642 |
| (4, 0.5) |  -1.888 |  -3.862 |  -1.323 | -1.469 |
| (4, 0.7) |  -1.114 |  -2.055 |  -1.239 | -1.19  |
| (4, 0.9) |  -0.799 |  -1.405 |  -1.34  | -1.168 |

## 8. λ × K の損益分岐コスト（片道 bps、全期間、半減期10）

|   K |    0.1 |    0.3 |   0.5 |   0.7 |   0.9 |
|----:|-------:|-------:|------:|------:|------:|
|   3 |  1.223 |  2.188 | 3.146 | 6.892 | 8.244 |
|   4 | -1.197 | -0.436 | 0.62  | 2.625 | 2.824 |

[04:50:59] 完了: /home/runner/work/jp-us-leadlag/jp-us-leadlag/results_exp
