[00:38:29] 価格データを取得中…
[00:38:32] 共通営業日 3951 日 (2010-01-04 〜 2026-08-28)
[00:38:32] メインのバックテスト (λ=0.9, K=3, L=60, q=0.3)…
シグナル生成: 2015-01-05 〜 2026-08-27 (2705 日)
[00:39:19] 取引コスト感応度…
[00:40:23] expanding（完全因果）版…
シグナル生成: 2012-02-15 〜 2026-08-27 (3388 日)
[00:41:21] λ × K の感応度…
[00:41:53]   K=2 λ=0.0 -> R/R=0.058
[00:42:25]   K=2 λ=0.3 -> R/R=0.012
[00:42:57]   K=2 λ=0.5 -> R/R=-0.062
[00:43:29]   K=2 λ=0.7 -> R/R=-0.015
[00:44:01]   K=2 λ=0.9 -> R/R=-0.138
[00:44:32]   K=2 λ=0.95 -> R/R=-0.18
[00:45:05]   K=2 λ=1.0 -> R/R=-0.926
[00:45:36]   K=3 λ=0.0 -> R/R=0.511
[00:46:09]   K=3 λ=0.3 -> R/R=0.742
[00:46:40]   K=3 λ=0.5 -> R/R=1.273
[00:47:12]   K=3 λ=0.7 -> R/R=1.858
[00:47:44]   K=3 λ=0.9 -> R/R=1.796
[00:48:16]   K=3 λ=0.95 -> R/R=1.791
[00:48:48]   K=3 λ=1.0 -> R/R=1.553
[00:49:20]   K=4 λ=0.0 -> R/R=0.291
[00:49:52]   K=4 λ=0.3 -> R/R=0.51
[00:50:24]   K=4 λ=0.5 -> R/R=0.932
[00:50:56]   K=4 λ=0.7 -> R/R=1.088
[00:51:28]   K=4 λ=0.9 -> R/R=0.958
[00:52:00]   K=4 λ=0.95 -> R/R=0.95
[00:52:32]   K=4 λ=1.0 -> R/R=1.767
[00:53:04]   K=5 λ=0.0 -> R/R=0.151
[00:53:36]   K=5 λ=0.3 -> R/R=0.373
[00:54:08]   K=5 λ=0.5 -> R/R=0.851
[00:54:40]   K=5 λ=0.7 -> R/R=1.029
[00:55:12]   K=5 λ=0.9 -> R/R=0.928
[00:55:44]   K=5 λ=0.95 -> R/R=0.834
[00:56:15]   K=5 λ=1.0 -> R/R=1.381
/opt/hostedtoolcache/Python/3.12.14/x64/lib/python3.12/site-packages/numpy/lib/_function_base_impl.py:3036: RuntimeWarning: invalid value encountered in divide
  c /= stddev[:, None]
/opt/hostedtoolcache/Python/3.12.14/x64/lib/python3.12/site-packages/numpy/lib/_function_base_impl.py:3037: RuntimeWarning: invalid value encountered in divide
  c /= stddev[None, :]

# バックテスト結果

- データ: 2010-01-04 〜 2026-08-28（日米共通営業日 3951 日）
- 評価期間: 2015-01-06 〜 2026-08-28（2705 営業日）
- 設定: L=60, K=3, λ=0.9, q=0.3, 事前行列は 2010-2014 で固定

## 論文 表2 との比較（取引コストなし）

|           |    AR |   AR_paper |   RISK |   RISK_paper |   R/R |   R/R_paper |   MDD |   MDD_paper |
|:----------|------:|-----------:|-------:|-------------:|------:|------------:|------:|------------:|
| MOM       |  3.69 |       5.63 |  11.03 |        10.59 |  0.33 |        0.53 | 22.23 |       16.97 |
| PCA_PLAIN |  5.52 |       6.24 |  10.8  |         9.94 |  0.51 |        0.62 | 23.65 |       23.65 |
| PCA_SUB   | 20.5  |      23.79 |  11.41 |        10.7  |  1.8  |        2.22 | 39.03 |        9.58 |
| DOUBLE    | 14.9  |      18.86 |  11.89 |        11.16 |  1.25 |        1.69 | 31.28 |       12.1  |

## 取引コスト感応度（片道 bps）

|                   |      AR |   RISK |   R/R |    MDD |   t(NW) |
|:------------------|--------:|-------:|------:|-------:|--------:|
| ('PCA_SUB', 0.0)  |   20.5  |  11.41 |  1.8  |  39.03 |    5.41 |
| ('DOUBLE', 0.0)   |   14.9  |  11.89 |  1.25 |  31.28 |    4.05 |
| ('MOM', 0.0)      |    3.69 |  11.03 |  0.33 |  22.23 |    1.13 |
| ('PCA_SUB', 2.0)  |    9.56 |  11.45 |  0.83 |  44.11 |    2.51 |
| ('DOUBLE', 2.0)   |    3.24 |  11.89 |  0.27 |  38.36 |    0.88 |
| ('MOM', 2.0)      |    1.18 |  11.03 |  0.11 |  25.88 |    0.36 |
| ('PCA_SUB', 5.0)  |   -6.86 |  11.56 | -0.59 |  71.02 |   -1.78 |
| ('DOUBLE', 5.0)   |  -14.26 |  11.91 | -1.2  |  82.51 |   -3.85 |
| ('MOM', 5.0)      |   -2.6  |  11.02 | -0.24 |  43.79 |   -0.79 |
| ('PCA_SUB', 10.0) |  -34.21 |  11.86 | -2.88 |  97.68 |   -8.64 |
| ('DOUBLE', 10.0)  |  -43.42 |  12.04 | -3.61 |  99.14 |  -11.56 |
| ('MOM', 10.0)     |   -8.9  |  11.02 | -0.81 |  68.27 |   -2.72 |
| ('PCA_SUB', 20.0) |  -88.93 |  12.91 | -6.89 |  99.99 |  -20.8  |
| ('DOUBLE', 20.0)  | -101.73 |  12.56 | -8.1  | 100    |  -25.84 |
| ('MOM', 20.0)     |  -21.5  |  11.05 | -1.95 |  91.1  |   -6.54 |

## 年次リターン（%）

|      |    MOM |   PCA_PLAIN |   PCA_SUB |   DOUBLE |   EW_BENCH |
|-----:|-------:|------------:|----------:|---------:|-----------:|
| 2015 |  -4.85 |       11.6  |     47.95 |    13.44 |      -9.59 |
| 2016 |  34.92 |       28.47 |     68.84 |    64.73 |     -32.86 |
| 2017 |  -2.3  |        7.35 |      7.01 |    -4.24 |       0.93 |
| 2018 |   4.03 |       -9.07 |     22.39 |    14.47 |     -12.94 |
| 2019 |   6.29 |        6.55 |     36.45 |    26.72 |      -5.49 |
| 2020 |  14.86 |       21.03 |     24.32 |    26.12 |     -27.61 |
| 2021 | -10.47 |      -10.47 |     20.04 |     3.36 |     -16.51 |
| 2022 |  17.48 |       -5.25 |     30.05 |    41.55 |      -9.3  |
| 2023 |  -4.9  |       -5.61 |     20.15 |    10.09 |       4.51 |
| 2024 | -11.09 |       17.76 |      8.28 |     6.75 |      -7.46 |
| 2025 |  15.76 |        4.52 |     10.57 |     4.32 |      -6.81 |
| 2026 | -15.08 |       -4.52 |    -32.49 |   -21.92 |     -12.84 |

## 事前行列を完全に因果的に推定した場合

|           |    AR |   RISK |   R/R |   MDD |   t(NW) |   HitRate(%) |    N |
|:----------|------:|-------:|------:|------:|--------:|-------------:|-----:|
| MOM       |  4.63 |  11.26 |  0.41 | 22.23 |    1.54 |        51.42 | 3388 |
| PCA_PLAIN |  6.76 |  10.58 |  0.64 | 23.65 |    2.26 |        50.74 | 3388 |
| PCA_SUB   | 17.5  |  11.09 |  1.58 | 38.58 |    5.43 |        55.14 | 3388 |
| DOUBLE    | 12.96 |  11.8  |  1.1  | 30.53 |    3.99 |        53.48 | 3388 |

## λ × K 感応度（R/R）

|   K |   0.0 |   0.3 |    0.5 |    0.7 |    0.9 |   0.95 |    1.0 |
|----:|------:|------:|-------:|-------:|-------:|-------:|-------:|
|   2 | 0.058 | 0.012 | -0.062 | -0.015 | -0.138 | -0.18  | -0.926 |
|   3 | 0.511 | 0.742 |  1.273 |  1.858 |  1.796 |  1.791 |  1.553 |
|   4 | 0.291 | 0.51  |  0.932 |  1.088 |  0.958 |  0.95  |  1.767 |
|   5 | 0.151 | 0.373 |  0.851 |  1.029 |  0.928 |  0.834 |  1.381 |

## λ × K 感応度（AR %）

|   K |   0.0 |   0.3 |   0.5 |   0.7 |   0.9 |   0.95 |   1.0 |
|----:|------:|------:|------:|------:|------:|-------:|------:|
|   2 |  0.58 |  0.12 | -0.61 | -0.14 | -1.35 |  -1.76 | -8.97 |
|   3 |  5.52 |  8.08 | 14.2  | 21.37 | 20.5  |  20.44 | 16.95 |
|   4 |  2.96 |  5.23 |  9.94 | 11.69 | 10.41 |  10.3  | 18.05 |
|   5 |  1.47 |  3.77 |  8.67 | 10.3  |  9.37 |   8.42 | 12.95 |

## 情報係数（シグナルと翌日実現リターンの順位相関）

- 平均 IC: nan
- IC の t 値: nan（n=2705）

## 市場方向モデル

- 的中率: 53.11%（n=2585）
- 方向で売買した場合の R/R: 1.22
- 買い持ち（日中）の R/R: -1.39
[00:56:18] 完了: /home/runner/work/jp-us-leadlag/jp-us-leadlag/results
